This is pdfTeX, Version 3.141592653-2.6-1.40.27 (TeX Live 2025) (preloaded format=pdflatex 2026.1.22)  27 JAN 2026 15:37
entering extended mode
 restricted \write18 enabled.
 %&-line parsing enabled.
**v2.tex
(./v2.tex
LaTeX2e <2024-11-01> patch level 2
L3 programming layer <2025-01-18>
(/usr/local/texlive/2025/texmf-dist/tex/latex/base/report.cls
Document Class: report 2024/06/29 v1.4n Standard LaTeX document class
(/usr/local/texlive/2025/texmf-dist/tex/latex/base/size12.clo
File: size12.clo 2024/06/29 v1.4n Standard LaTeX file (size option)
)
\c@part=\count196
\c@chapter=\count197
\c@section=\count198
\c@subsection=\count199
\c@subsubsection=\count266
\c@paragraph=\count267
\c@subparagraph=\count268
\c@figure=\count269
\c@table=\count270
\abovecaptionskip=\skip49
\belowcaptionskip=\skip50
\bibindent=\dimen141
)
(/usr/local/texlive/2025/texmf-dist/tex/latex/polski/polski.sty
Package: polski 2021/08/25 v1.3.6 Polish language package

   Switching to Polish text encoding and Polish maths fonts.
(/usr/local/texlive/2025/texmf-dist/tex/latex/base/ot4enc.def
File: ot4enc.def 2021/04/29 v2.0v Standard LaTeX file
Now handling font encoding OT4 ...
... no UTF-8 mapping file for font encoding OT4
)
LaTeX Font Info:    Trying to load font information for OT4+cmr on input line 3
62.

(/usr/local/texlive/2025/texmf-dist/tex/latex/polski/ot4cmr.fd
File: ot4cmr.fd 2008/02/24 v1.2.1 Font defs for fonts PL (MW)
)
LaTeX Font Info:    Overwriting math alphabet `\mathbf' in version `normal'
(Font)                  OT1/cmr/bx/n --> OT4/cmr/bx/n on input line 362.
LaTeX Font Info:    Overwriting math alphabet `\mathsf' in version `normal'
(Font)                  OT1/cmss/m/n --> OT4/cmss/m/n on input line 362.
LaTeX Font Info:    Overwriting math alphabet `\mathit' in version `normal'
(Font)                  OT1/cmr/m/it --> OT4/cmr/m/it on input line 362.
LaTeX Font Info:    Overwriting math alphabet `\mathtt' in version `normal'
(Font)                  OT1/cmtt/m/n --> OT4/cmtt/m/n on input line 362.
LaTeX Font Info:    Overwriting math alphabet `\mathsf' in version `bold'
(Font)                  OT1/cmss/bx/n --> OT4/cmss/bx/n on input line 362.
LaTeX Font Info:    Overwriting math alphabet `\mathit' in version `bold'
(Font)                  OT1/cmr/bx/it --> OT4/cmr/bx/it on input line 362.
LaTeX Font Info:    Encoding `OT1' has changed to `OT4' for symbol font
(Font)              `operators' in the math version `normal' on input line 362.

LaTeX Font Info:    Overwriting symbol font `operators' in version `normal'
(Font)                  OT1/cmr/m/n --> OT4/cmr/m/n on input line 362.
LaTeX Font Info:    Overwriting symbol font `letters' in version `normal'
(Font)                  OML/cmm/m/it --> OML/plm/m/it on input line 362.
LaTeX Font Info:    Overwriting symbol font `symbols' in version `normal'
(Font)                  OMS/cmsy/m/n --> OMS/plsy/m/n on input line 362.
LaTeX Font Info:    Overwriting symbol font `largesymbols' in version `normal'
(Font)                  OMX/cmex/m/n --> OMX/plex/m/n on input line 362.
LaTeX Font Info:    Encoding `OT1' has changed to `OT4' for symbol font
(Font)              `operators' in the math version `bold' on input line 362.
LaTeX Font Info:    Overwriting symbol font `operators' in version `bold'
(Font)                  OT1/cmr/bx/n --> OT4/cmr/bx/n on input line 362.
LaTeX Font Info:    Overwriting symbol font `letters' in version `bold'
(Font)                  OML/cmm/b/it --> OML/plm/b/it on input line 362.
LaTeX Font Info:    Overwriting symbol font `symbols' in version `bold'
(Font)                  OMS/cmsy/b/n --> OMS/plsy/b/n on input line 362.
)
(/usr/local/texlive/2025/texmf-dist/tex/latex/geometry/geometry.sty
Package: geometry 2020/01/02 v5.9 Page Geometry

(/usr/local/texlive/2025/texmf-dist/tex/latex/graphics/keyval.sty
Package: keyval 2022/05/29 v1.15 key=value parser (DPC)
\KV@toks@=\toks17
)
(/usr/local/texlive/2025/texmf-dist/tex/generic/iftex/ifvtex.sty
Package: ifvtex 2019/10/25 v1.7 ifvtex legacy package. Use iftex instead.

(/usr/local/texlive/2025/texmf-dist/tex/generic/iftex/iftex.sty
Package: iftex 2024/12/12 v1.0g TeX engine tests
))
\Gm@cnth=\count271
\Gm@cntv=\count272
\c@Gm@tempcnt=\count273
\Gm@bindingoffset=\dimen142
\Gm@wd@mp=\dimen143
\Gm@odd@mp=\dimen144
\Gm@even@mp=\dimen145
\Gm@layoutwidth=\dimen146
\Gm@layoutheight=\dimen147
\Gm@layouthoffset=\dimen148
\Gm@layoutvoffset=\dimen149
\Gm@dimlist=\toks18
)
(/usr/local/texlive/2025/texmf-dist/tex/latex/graphics/graphics.sty
Package: graphics 2024/08/06 v1.4g Standard LaTeX Graphics (DPC,SPQR)

(/usr/local/texlive/2025/texmf-dist/tex/latex/graphics/trig.sty
Package: trig 2023/12/02 v1.11 sin cos tan (DPC)
)
(/usr/local/texlive/2025/texmf-dist/tex/latex/graphics-cfg/graphics.cfg
File: graphics.cfg 2016/06/04 v1.11 sample graphics configuration
)
Package graphics Info: Driver file: pdftex.def on input line 106.

(/usr/local/texlive/2025/texmf-dist/tex/latex/graphics-def/pdftex.def
File: pdftex.def 2024/04/13 v1.2c Graphics/color driver for pdftex
))
(/usr/local/texlive/2025/texmf-dist/tex/latex/adjustbox/adjustbox.sty
Package: adjustbox 2025/02/26 v1.3c Adjusting TeX boxes (trim, clip, ...)

(/usr/local/texlive/2025/texmf-dist/tex/latex/xkeyval/xkeyval.sty
Package: xkeyval 2022/06/16 v2.9 package option processing (HA)

(/usr/local/texlive/2025/texmf-dist/tex/generic/xkeyval/xkeyval.tex
(/usr/local/texlive/2025/texmf-dist/tex/generic/xkeyval/xkvutils.tex
\XKV@toks=\toks19
\XKV@tempa@toks=\toks20
)
\XKV@depth=\count274
File: xkeyval.tex 2014/12/03 v2.7a key=value parser (HA)
))
(/usr/local/texlive/2025/texmf-dist/tex/latex/adjustbox/adjcalc.sty
Package: adjcalc 2012/05/16 v1.1 Provides advanced setlength with multiple back
-ends (calc, etex, pgfmath)
)
(/usr/local/texlive/2025/texmf-dist/tex/latex/adjustbox/trimclip.sty
Package: trimclip 2025/02/21 v1.2a Trim and clip general TeX material

(/usr/local/texlive/2025/texmf-dist/tex/latex/graphics/graphicx.sty
Package: graphicx 2021/09/16 v1.2d Enhanced LaTeX Graphics (DPC,SPQR)
\Gin@req@height=\dimen150
\Gin@req@width=\dimen151
)
(/usr/local/texlive/2025/texmf-dist/tex/latex/collectbox/collectbox.sty
Package: collectbox 2022/10/17 v0.4c Collect macro arguments as boxes
\collectedbox=\box52
)
\tc@llx=\dimen152
\tc@lly=\dimen153
\tc@urx=\dimen154
\tc@ury=\dimen155
Package trimclip Info: Using driver 'tc-pdftex.def'.

(/usr/local/texlive/2025/texmf-dist/tex/latex/adjustbox/tc-pdftex.def
File: tc-pdftex.def 2025/02/26 v2.3 Clipping driver for pdftex
))
\adjbox@Width=\dimen156
\adjbox@Height=\dimen157
\adjbox@Depth=\dimen158
\adjbox@Totalheight=\dimen159
\adjbox@pwidth=\dimen160
\adjbox@pheight=\dimen161
\adjbox@pdepth=\dimen162
\adjbox@ptotalheight=\dimen163

(/usr/local/texlive/2025/texmf-dist/tex/latex/ifoddpage/ifoddpage.sty
Package: ifoddpage 2022/10/18 v1.2 Conditionals for odd/even page detection
\c@checkoddpage=\count275
)
(/usr/local/texlive/2025/texmf-dist/tex/latex/varwidth/varwidth.sty
Package: varwidth 2009/03/30 ver 0.92;  Variable-width minipages
\@vwid@box=\box53
\sift@deathcycles=\count276
\@vwid@loff=\dimen164
\@vwid@roff=\dimen165
))
(/usr/local/texlive/2025/texmf-dist/tex/latex/float/float.sty
Package: float 2001/11/08 v1.3d Float enhancements (AL)
\c@float@type=\count277
\float@exts=\toks21
\float@box=\box54
\@float@everytoks=\toks22
\@floatcapt=\box55
)
(/usr/local/texlive/2025/texmf-dist/tex/latex/amsmath/amsmath.sty
Package: amsmath 2024/11/05 v2.17t AMS math features
\@mathmargin=\skip51

For additional information on amsmath, use the `?' option.
(/usr/local/texlive/2025/texmf-dist/tex/latex/amsmath/amstext.sty
Package: amstext 2021/08/26 v2.01 AMS text

(/usr/local/texlive/2025/texmf-dist/tex/latex/amsmath/amsgen.sty
File: amsgen.sty 1999/11/30 v2.0 generic functions
\@emptytoks=\toks23
\ex@=\dimen166
))
(/usr/local/texlive/2025/texmf-dist/tex/latex/amsmath/amsbsy.sty
Package: amsbsy 1999/11/29 v1.2d Bold Symbols
\pmbraise@=\dimen167
)
(/usr/local/texlive/2025/texmf-dist/tex/latex/amsmath/amsopn.sty
Package: amsopn 2022/04/08 v2.04 operator names
)
\inf@bad=\count278
LaTeX Info: Redefining \frac on input line 233.
\uproot@=\count279
\leftroot@=\count280
LaTeX Info: Redefining \overline on input line 398.
LaTeX Info: Redefining \colon on input line 409.
\classnum@=\count281
\DOTSCASE@=\count282
LaTeX Info: Redefining \ldots on input line 495.
LaTeX Info: Redefining \dots on input line 498.
LaTeX Info: Redefining \cdots on input line 619.
\Mathstrutbox@=\box56
\strutbox@=\box57
LaTeX Info: Redefining \big on input line 721.
LaTeX Info: Redefining \Big on input line 722.
LaTeX Info: Redefining \bigg on input line 723.
LaTeX Info: Redefining \Bigg on input line 724.
\big@size=\dimen168
LaTeX Font Info:    Redeclaring font encoding OML on input line 742.
LaTeX Font Info:    Redeclaring font encoding OMS on input line 743.
\macc@depth=\count283
LaTeX Info: Redefining \bmod on input line 904.
LaTeX Info: Redefining \pmod on input line 909.
LaTeX Info: Redefining \smash on input line 939.
LaTeX Info: Redefining \relbar on input line 969.
LaTeX Info: Redefining \Relbar on input line 970.
\c@MaxMatrixCols=\count284
\dotsspace@=\muskip17
\c@parentequation=\count285
\dspbrk@lvl=\count286
\tag@help=\toks24
\row@=\count287
\column@=\count288
\maxfields@=\count289
\andhelp@=\toks25
\eqnshift@=\dimen169
\alignsep@=\dimen170
\tagshift@=\dimen171
\tagwidth@=\dimen172
\totwidth@=\dimen173
\lineht@=\dimen174
\@envbody=\toks26
\multlinegap=\skip52
\multlinetaggap=\skip53
\mathdisplay@stack=\toks27
LaTeX Info: Redefining \[ on input line 2953.
LaTeX Info: Redefining \] on input line 2954.
)
(/usr/local/texlive/2025/texmf-dist/tex/latex/xcolor/xcolor.sty
Package: xcolor 2024/09/29 v3.02 LaTeX color extensions (UK)

(/usr/local/texlive/2025/texmf-dist/tex/latex/graphics-cfg/color.cfg
File: color.cfg 2016/01/02 v1.6 sample color configuration
)
Package xcolor Info: Driver file: pdftex.def on input line 274.

(/usr/local/texlive/2025/texmf-dist/tex/latex/graphics/mathcolor.ltx)
Package xcolor Info: Model `cmy' substituted by `cmy0' on input line 1349.
Package xcolor Info: Model `hsb' substituted by `rgb' on input line 1353.
Package xcolor Info: Model `RGB' extended on input line 1365.
Package xcolor Info: Model `HTML' substituted by `rgb' on input line 1367.
Package xcolor Info: Model `Hsb' substituted by `hsb' on input line 1368.
Package xcolor Info: Model `tHsb' substituted by `hsb' on input line 1369.
Package xcolor Info: Model `HSB' substituted by `hsb' on input line 1370.
Package xcolor Info: Model `Gray' substituted by `gray' on input line 1371.
Package xcolor Info: Model `wave' substituted by `hsb' on input line 1372.
)
(/usr/local/texlive/2025/texmf-dist/tex/latex/multirow/multirow.sty
Package: multirow 2024/11/12 v2.9 Span multiple rows of a table
\multirow@colwidth=\skip54
\multirow@cntb=\count290
\multirow@dima=\skip55
\bigstrutjot=\dimen175
)
(/usr/local/texlive/2025/texmf-dist/tex/latex/tools/array.sty
Package: array 2024/10/17 v2.6g Tabular extension package (FMi)
\col@sep=\dimen176
\ar@mcellbox=\box58
\extrarowheight=\dimen177
\NC@list=\toks28
\extratabsurround=\skip56
\backup@length=\skip57
\ar@cellbox=\box59
)
(/usr/local/texlive/2025/texmf-dist/tex/latex/hyperref/hyperref.sty
Package: hyperref 2024-11-05 v7.01l Hypertext links for LaTeX

(/usr/local/texlive/2025/texmf-dist/tex/latex/kvsetkeys/kvsetkeys.sty
Package: kvsetkeys 2022-10-05 v1.19 Key value parser (HO)
)
(/usr/local/texlive/2025/texmf-dist/tex/generic/kvdefinekeys/kvdefinekeys.sty
Package: kvdefinekeys 2019-12-19 v1.6 Define keys (HO)
)
(/usr/local/texlive/2025/texmf-dist/tex/generic/pdfescape/pdfescape.sty
Package: pdfescape 2019/12/09 v1.15 Implements pdfTeX's escape features (HO)

(/usr/local/texlive/2025/texmf-dist/tex/generic/ltxcmds/ltxcmds.sty
Package: ltxcmds 2023-12-04 v1.26 LaTeX kernel commands for general use (HO)
)
(/usr/local/texlive/2025/texmf-dist/tex/generic/pdftexcmds/pdftexcmds.sty
Package: pdftexcmds 2020-06-27 v0.33 Utility functions of pdfTeX for LuaTeX (HO
)

(/usr/local/texlive/2025/texmf-dist/tex/generic/infwarerr/infwarerr.sty
Package: infwarerr 2019/12/03 v1.5 Providing info/warning/error messages (HO)
)
Package pdftexcmds Info: \pdf@primitive is available.
Package pdftexcmds Info: \pdf@ifprimitive is available.
Package pdftexcmds Info: \pdfdraftmode found.
))
(/usr/local/texlive/2025/texmf-dist/tex/latex/hycolor/hycolor.sty
Package: hycolor 2020-01-27 v1.10 Color options for hyperref/bookmark (HO)
)
(/usr/local/texlive/2025/texmf-dist/tex/latex/hyperref/nameref.sty
Package: nameref 2023-11-26 v2.56 Cross-referencing by name of section

(/usr/local/texlive/2025/texmf-dist/tex/latex/refcount/refcount.sty
Package: refcount 2019/12/15 v3.6 Data extraction from label references (HO)
)
(/usr/local/texlive/2025/texmf-dist/tex/generic/gettitlestring/gettitlestring.s
ty
Package: gettitlestring 2019/12/15 v1.6 Cleanup title references (HO)
 (/usr/local/texlive/2025/texmf-dist/tex/latex/kvoptions/kvoptions.sty
Package: kvoptions 2022-06-15 v3.15 Key value format for package options (HO)
))
\c@section@level=\count291
)
(/usr/local/texlive/2025/texmf-dist/tex/latex/etoolbox/etoolbox.sty
Package: etoolbox 2025/02/11 v2.5l e-TeX tools for LaTeX (JAW)
\etb@tempcnta=\count292
)
(/usr/local/texlive/2025/texmf-dist/tex/generic/stringenc/stringenc.sty
Package: stringenc 2019/11/29 v1.12 Convert strings between diff. encodings (HO
)
)
\@linkdim=\dimen178
\Hy@linkcounter=\count293
\Hy@pagecounter=\count294

(/usr/local/texlive/2025/texmf-dist/tex/latex/hyperref/pd1enc.def
File: pd1enc.def 2024-11-05 v7.01l Hyperref: PDFDocEncoding definition (HO)
Now handling font encoding PD1 ...
... no UTF-8 mapping file for font encoding PD1
)
(/usr/local/texlive/2025/texmf-dist/tex/generic/intcalc/intcalc.sty
Package: intcalc 2019/12/15 v1.3 Expandable calculations with integers (HO)
)
\Hy@SavedSpaceFactor=\count295

(/usr/local/texlive/2025/texmf-dist/tex/latex/hyperref/puenc.def
File: puenc.def 2024-11-05 v7.01l Hyperref: PDF Unicode definition (HO)
Now handling font encoding PU ...
... no UTF-8 mapping file for font encoding PU
)
Package hyperref Info: Hyper figures OFF on input line 4157.
Package hyperref Info: Link nesting OFF on input line 4162.
Package hyperref Info: Hyper index ON on input line 4165.
Package hyperref Info: Plain pages OFF on input line 4172.
Package hyperref Info: Backreferencing OFF on input line 4177.
Package hyperref Info: Implicit mode ON; LaTeX internals redefined.
Package hyperref Info: Bookmarks ON on input line 4424.
\c@Hy@tempcnt=\count296

(/usr/local/texlive/2025/texmf-dist/tex/latex/url/url.sty
\Urlmuskip=\muskip18
Package: url 2013/09/16  ver 3.4  Verb mode for urls, etc.
)
LaTeX Info: Redefining \url on input line 4763.
\XeTeXLinkMargin=\dimen179

(/usr/local/texlive/2025/texmf-dist/tex/generic/bitset/bitset.sty
Package: bitset 2019/12/09 v1.3 Handle bit-vector datatype (HO)

(/usr/local/texlive/2025/texmf-dist/tex/generic/bigintcalc/bigintcalc.sty
Package: bigintcalc 2019/12/15 v1.5 Expandable calculations on big integers (HO
)
))
\Fld@menulength=\count297
\Field@Width=\dimen180
\Fld@charsize=\dimen181
Package hyperref Info: Hyper figures OFF on input line 6042.
Package hyperref Info: Link nesting OFF on input line 6047.
Package hyperref Info: Hyper index ON on input line 6050.
Package hyperref Info: backreferencing OFF on input line 6057.
Package hyperref Info: Link coloring OFF on input line 6062.
Package hyperref Info: Link coloring with OCG OFF on input line 6067.
Package hyperref Info: PDF/A mode OFF on input line 6072.

(/usr/local/texlive/2025/texmf-dist/tex/latex/base/atbegshi-ltx.sty
Package: atbegshi-ltx 2021/01/10 v1.0c Emulation of the original atbegshi
package with kernel methods
)
\Hy@abspage=\count298
\c@Item=\count299
\c@Hfootnote=\count300
)
Package hyperref Info: Driver (autodetected): hpdftex.

(/usr/local/texlive/2025/texmf-dist/tex/latex/hyperref/hpdftex.def
File: hpdftex.def 2024-11-05 v7.01l Hyperref driver for pdfTeX

(/usr/local/texlive/2025/texmf-dist/tex/latex/base/atveryend-ltx.sty
Package: atveryend-ltx 2020/08/19 v1.0a Emulation of the original atveryend pac
kage
with kernel methods
)
\Fld@listcount=\count301
\c@bookmark@seq@number=\count302

(/usr/local/texlive/2025/texmf-dist/tex/latex/rerunfilecheck/rerunfilecheck.sty
Package: rerunfilecheck 2022-07-10 v1.10 Rerun checks for auxiliary files (HO)

(/usr/local/texlive/2025/texmf-dist/tex/generic/uniquecounter/uniquecounter.sty
Package: uniquecounter 2019/12/15 v1.4 Provide unlimited unique counter (HO)
)
Package uniquecounter Info: New unique counter `rerunfilecheck' on input line 2
85.
)
\Hy@SectionHShift=\skip58
)
(/usr/local/texlive/2025/texmf-dist/tex/latex/l3backend/l3backend-pdftex.def
File: l3backend-pdftex.def 2024-05-08 L3 backend support: PDF output (pdfTeX)
\l__color_backend_stack_int=\count303
\l__pdf_internal_box=\box60
)
(./v2.aux)
\openout1 = `v2.aux'.

LaTeX Font Info:    Checking defaults for OML/cmm/m/it on input line 18.
LaTeX Font Info:    ... okay on input line 18.
LaTeX Font Info:    Checking defaults for OMS/cmsy/m/n on input line 18.
LaTeX Font Info:    ... okay on input line 18.
LaTeX Font Info:    Checking defaults for OT1/cmr/m/n on input line 18.
LaTeX Font Info:    ... okay on input line 18.
LaTeX Font Info:    Checking defaults for T1/cmr/m/n on input line 18.
LaTeX Font Info:    ... okay on input line 18.
LaTeX Font Info:    Checking defaults for TS1/cmr/m/n on input line 18.
LaTeX Font Info:    ... okay on input line 18.
LaTeX Font Info:    Checking defaults for OMX/cmex/m/n on input line 18.
LaTeX Font Info:    ... okay on input line 18.
LaTeX Font Info:    Checking defaults for U/cmr/m/n on input line 18.
LaTeX Font Info:    ... okay on input line 18.
LaTeX Font Info:    Checking defaults for OT4/cmr/m/n on input line 18.
LaTeX Font Info:    ... okay on input line 18.
LaTeX Font Info:    Checking defaults for PD1/pdf/m/n on input line 18.
LaTeX Font Info:    ... okay on input line 18.
LaTeX Font Info:    Checking defaults for PU/pdf/m/n on input line 18.
LaTeX Font Info:    ... okay on input line 18.

*geometry* driver: auto-detecting
*geometry* detected driver: pdftex
*geometry* verbose mode - [ preamble ] result:
* driver: pdftex
* paper: a4paper
* layout: <same size as paper>
* layoutoffset:(h,v)=(0.0pt,0.0pt)
* modes: 
* h-part:(L,W,R)=(71.13188pt, 455.24411pt, 71.13188pt)
* v-part:(T,H,B)=(71.13188pt, 702.78308pt, 71.13188pt)
* \paperwidth=597.50787pt
* \paperheight=845.04684pt
* \textwidth=455.24411pt
* \textheight=702.78308pt
* \oddsidemargin=-1.1381pt
* \evensidemargin=-1.1381pt
* \topmargin=-38.1381pt
* \headheight=12.0pt
* \headsep=25.0pt
* \topskip=12.0pt
* \footskip=30.0pt
* \marginparwidth=44.0pt
* \marginparsep=10.0pt
* \columnsep=10.0pt
* \skip\footins=10.8pt plus 4.0pt minus 2.0pt
* \hoffset=0.0pt
* \voffset=0.0pt
* \mag=1000
* \@twocolumnfalse
* \@twosidefalse
* \@mparswitchfalse
* \@reversemarginfalse
* (1in=72.27pt=25.4mm, 1cm=28.453pt)

(/usr/local/texlive/2025/texmf-dist/tex/context/base/mkii/supp-pdf.mkii
[Loading MPS to PDF converter (version 2006.09.02).]
\scratchcounter=\count304
\scratchdimen=\dimen182
\scratchbox=\box61
\nofMPsegments=\count305
\nofMParguments=\count306
\everyMPshowfont=\toks29
\MPscratchCnt=\count307
\MPscratchDim=\dimen183
\MPnumerator=\count308
\makeMPintoPDFobject=\count309
\everyMPtoPDFconversion=\toks30
) (/usr/local/texlive/2025/texmf-dist/tex/latex/epstopdf-pkg/epstopdf-base.sty
Package: epstopdf-base 2020-01-24 v2.11 Base part for package epstopdf
Package epstopdf-base Info: Redefining graphics rule for `.eps' on input line 4
85.

(/usr/local/texlive/2025/texmf-dist/tex/latex/latexconfig/epstopdf-sys.cfg
File: epstopdf-sys.cfg 2010/07/13 v1.3 Configuration of (r)epstopdf for TeX Liv
e
))
Package hyperref Info: Link coloring OFF on input line 18.

(./v2.out) (./v2.out)
\@outlinefile=\write3
\openout3 = `v2.out'.

LaTeX Font Info:    Trying to load font information for OML+plm on input line 2
0.

(/usr/local/texlive/2025/texmf-dist/tex/latex/polski/omlplm.fd
File: omlplm.fd 2008/02/24 v1.2.1 Font defs for fonts PL (MW)
)
LaTeX Font Info:    Trying to load font information for OMS+plsy on input line 
20.

(/usr/local/texlive/2025/texmf-dist/tex/latex/polski/omsplsy.fd
File: omsplsy.fd 2008/02/24 v1.2.1 Font defs for fonts PL (MW)
)
LaTeX Font Info:    Trying to load font information for OMX+plex on input line 
20.

(/usr/local/texlive/2025/texmf-dist/tex/latex/polski/omxplex.fd
File: omxplex.fd 2008/02/24 v1.2.1 Font defs for fonts PL (MW)
)
LaTeX Font Info:    External font `plex10' loaded for size
(Font)              <14.4> on input line 20.
LaTeX Font Info:    External font `plex10' loaded for size
(Font)              <10> on input line 20.
LaTeX Font Info:    External font `plex10' loaded for size
(Font)              <7> on input line 20.


[1

{/usr/local/texlive/2025/texmf-var/fonts/map/pdftex/updmap/pdftex.map}{/usr/loc
al/texlive/2025/texmf-dist/fonts/enc/dvips/pl/plrm.enc}] (./v2.toc
LaTeX Font Info:    External font `plex10' loaded for size
(Font)              <12> on input line 2.
LaTeX Font Info:    External font `plex10' loaded for size
(Font)              <8> on input line 2.
LaTeX Font Info:    External font `plex10' loaded for size
(Font)              <6> on input line 2.



pdfTeX warning (ext4): destination with the same identifier (name{page.1}) has 
been already used, duplicate ignored
<to be read again> 
                   \relax 
l.177 ...3.10}Podsumowanie}{32}{subsection.4.3.10}
                                                  % [1

])
\tf@toc=\write4
\openout4 = `v2.toc'.



[2]
Rozdzia\PlPrIeC {\l } 1.


[3

]

[4]
Rozdzia\PlPrIeC {\l } 2.


[5

]
Rozdzia\PlPrIeC {\l } 3.


[6

]
Rozdzia\PlPrIeC {\l } 4.
LaTeX Font Info:    Trying to load font information for OT4+cmtt on input line 
110.
(/usr/local/texlive/2025/texmf-dist/tex/latex/polski/ot4cmtt.fd
File: ot4cmtt.fd 2008/02/24 v1.2.1 Font defs for fonts PL (MW)
)

[7

{/usr/local/texlive/2025/texmf-dist/fonts/enc/dvips/pl/plit.enc}{/usr/local/tex
live/2025/texmf-dist/fonts/enc/dvips/pl/pltt.enc}]
Overfull \hbox (23.82353pt too wide) in paragraph at lines 118--119
 [][] \OT4/cmr/m/n/12 Ja-ko pod-sta-wa ry-so-wa-nia wy-kre-su, zo-sta-ªa wy-ko-
rzy-sta-na funk-cja Ray-lib [][]\OT4/cmtt/m/n/12 DrawSplineLinear[]\OT4/cmr/m/n
/12 ,
 []


Underfull \hbox (badness 10000) in paragraph at lines 132--143

 []


Underfull \hbox (badness 10000) in paragraph at lines 132--143

 []


Underfull \hbox (badness 10000) in paragraph at lines 146--155

 []



[8{/usr/local/texlive/2025/texmf-dist/fonts/enc/dvips/pl/plmi.enc}{/usr/local/t
exlive/2025/texmf-dist/fonts/enc/dvips/pl/plms.enc}]
Overfull \hbox (57.28114pt too wide) in paragraph at lines 172--172
[]  \OT4/cmtt/m/n/12 Bounds compute_bounds(const float zoom, const float scale_
x, const Vector2 pan) {[] 
 []


Overfull \hbox (38.75613pt too wide) in paragraph at lines 172--172
[]    \OT4/cmtt/m/n/12 .start_y = PLOT_START_Y / zoom / ((float) PLOT_WIDTH / P
LOT_HEIGHT) + pan.y,[] 
 []


Overfull \hbox (14.05612pt too wide) in paragraph at lines 172--172
[]    \OT4/cmtt/m/n/12 .end_y = PLOT_END_Y / zoom / ((float) PLOT_WIDTH / PLOT_
HEIGHT) + pan.y,[] 
 []



[9]
Overfull \hbox (69.63115pt too wide) in paragraph at lines 215--215
[]  \OT4/cmtt/m/n/12 int find_first_visible(const Vector2* data, const int coun
t, const float start_x) {[] 
 []


Overfull \hbox (14.05612pt too wide) in paragraph at lines 250--250
[]   \OT4/cmtt/m/n/12 const float x_factor =  1 / (bounds.end_x - bounds.start_
x) * PLOT_WIDTH;[] 
 []


Overfull \hbox (20.23112pt too wide) in paragraph at lines 250--250
[]   \OT4/cmtt/m/n/12 const float y_factor = -1 / (bounds.end_y - bounds.start_
y) * PLOT_HEIGHT;[] 
 []


Overfull \hbox (51.10614pt too wide) in paragraph at lines 250--250
[]    \OT4/cmtt/m/n/12 point_buffer[i].x = (data_source.data[i_source].x - boun
ds.start_x + offset.x)[] 
 []



[10]
Overfull \hbox (51.10614pt too wide) in paragraph at lines 250--250
[]    \OT4/cmtt/m/n/12 point_buffer[i].y = (data_source.data[i_source].y + boun
ds.start_y - offset.y)[] 
 []



[11]
<images/instrukcja/import.png, id=364, 1316.92pt x 742.775pt>
File: images/instrukcja/import.png Graphic file (type png)
<use images/instrukcja/import.png>
Package pdftex.def Info: images/instrukcja/import.png  used on input line 276.
(pdftex.def)             Requested size: 364.19667pt x 205.41414pt.


[12 <./images/instrukcja/import.png>]
<images/instrukcja/podglad.png, id=383, 1316.92pt x 742.775pt>
File: images/instrukcja/podglad.png Graphic file (type png)
<use images/instrukcja/podglad.png>
Package pdftex.def Info: images/instrukcja/podglad.png  used on input line 327.

(pdftex.def)             Requested size: 364.19667pt x 205.41414pt.


[13]
<images/instrukcja/prosta.png, id=404, 1316.92pt x 742.775pt>
File: images/instrukcja/prosta.png Graphic file (type png)
<use images/instrukcja/prosta.png>
Package pdftex.def Info: images/instrukcja/prosta.png  used on input line 360.
(pdftex.def)             Requested size: 364.19667pt x 205.41414pt.


[14 <./images/instrukcja/podglad.png>]
<images/instrukcja/stale.png, id=418, 1316.92pt x 742.775pt>
File: images/instrukcja/stale.png Graphic file (type png)
<use images/instrukcja/stale.png>
Package pdftex.def Info: images/instrukcja/stale.png  used on input line 368.
(pdftex.def)             Requested size: 364.19667pt x 205.41414pt.
<images/instrukcja/regresja1.png, id=419, 1316.92pt x 742.775pt>
File: images/instrukcja/regresja1.png Graphic file (type png)
<use images/instrukcja/regresja1.png>
Package pdftex.def Info: images/instrukcja/regresja1.png  used on input line 37
7.
(pdftex.def)             Requested size: 364.19667pt x 205.41414pt.


[15 <./images/instrukcja/prosta.png> <./images/instrukcja/stale.png>]
<images/instrukcja/regresja2.png, id=430, 1316.92pt x 742.775pt>
File: images/instrukcja/regresja2.png Graphic file (type png)
<use images/instrukcja/regresja2.png>
Package pdftex.def Info: images/instrukcja/regresja2.png  used on input line 38
5.
(pdftex.def)             Requested size: 364.19667pt x 205.41414pt.
<images/instrukcja/regresja3.png, id=431, 1316.92pt x 742.775pt>
File: images/instrukcja/regresja3.png Graphic file (type png)
<use images/instrukcja/regresja3.png>
Package pdftex.def Info: images/instrukcja/regresja3.png  used on input line 39
3.
(pdftex.def)             Requested size: 364.19667pt x 205.41414pt.


[16 <./images/instrukcja/regresja1.png> <./images/instrukcja/regresja2.png>]
<images/instrukcja/regresja4.png, id=444, 1316.92pt x 742.775pt>
File: images/instrukcja/regresja4.png Graphic file (type png)
<use images/instrukcja/regresja4.png>
Package pdftex.def Info: images/instrukcja/regresja4.png  used on input line 40
1.
(pdftex.def)             Requested size: 364.19667pt x 205.41414pt.


[17 <./images/instrukcja/regresja3.png> <./images/instrukcja/regresja4.png>]
Underfull \hbox (badness 10000) in paragraph at lines 439--444

 []



[18{/usr/local/texlive/2025/texmf-dist/fonts/enc/dvips/pl/plme.enc}{/usr/local/
texlive/2025/texmf-dist/fonts/enc/dvips/cm-super/cm-super-ts1.enc}]
Underfull \hbox (badness 10000) in paragraph at lines 482--483

 []



[19]
Overfull \hbox (51.10614pt too wide) in paragraph at lines 513--513
[]    \OT4/cmtt/m/n/12 if (best_cycles == -1 || diff_cycles < best_cycles) best
_cycles = diff_cycles;[] 
 []


Overfull \hbox (46.57794pt too wide) in paragraph at lines 524--539
 [][] 
 []



[20]
Overfull \hbox (94.33116pt too wide) in paragraph at lines 631--631
[]  \OT4/cmtt/m/n/12 void regression(CurvePolynomial* curve, const Vector2* poi
nts, const int point_count) {[] 
 []


Overfull \hbox (20.23112pt too wide) in paragraph at lines 631--631
[]   \OT4/cmtt/m/n/12 float* matrix = malloc((m*m + 2*m) * sizeof (float)  +  m
 * sizeof (int));[] 
 []



[21]

[22]
Overfull \hbox (46.57794pt too wide) in paragraph at lines 637--652
 [][] 
 []


Overfull \hbox (46.57794pt too wide) in paragraph at lines 664--673
 [][] 
 []


Overfull \hbox (46.57794pt too wide) in paragraph at lines 678--694
 [][] 
 []


Overfull \hbox (46.57794pt too wide) in paragraph at lines 699--715
 [][] 
 []



[23]
Overfull \hbox (46.57794pt too wide) in paragraph at lines 720--735
 [][] 
 []



[24]
Overfull \hbox (46.57794pt too wide) in paragraph at lines 770--782
 [][] 
 []



[25]

[26]
Overfull \hbox (46.57794pt too wide) in paragraph at lines 828--843
 [][] 
 []


Overfull \hbox (46.57794pt too wide) in paragraph at lines 848--863
 [][] 
 []



[27]
Overfull \hbox (46.57794pt too wide) in paragraph at lines 874--883
 [][] 
 []


Overfull \hbox (46.57794pt too wide) in paragraph at lines 888--897
 [][] 
 []


Overfull \hbox (46.57794pt too wide) in paragraph at lines 902--911
 [][] 
 []



[28]
Overfull \hbox (46.57794pt too wide) in paragraph at lines 971--986
 [][] 
 []



[29]

[30]
Overfull \hbox (46.57794pt too wide) in paragraph at lines 1017--1032
 [][] 
 []



[31]
Overfull \hbox (46.57794pt too wide) in paragraph at lines 1046--1061
 [][] 
 []


Overfull \hbox (46.57794pt too wide) in paragraph at lines 1067--1082
 [][] 
 []



[32]
Rozdzia\PlPrIeC {\l } 5.
<images/proby/19_v10-1.png, id=601, 1316.92pt x 742.775pt>
File: images/proby/19_v10-1.png Graphic file (type png)
<use images/proby/19_v10-1.png>
Package pdftex.def Info: images/proby/19_v10-1.png  used on input line 1105.
(pdftex.def)             Requested size: 318.66948pt x 179.7317pt.
<images/proby/19_v10-2.png, id=602, 1316.92pt x 742.775pt>
File: images/proby/19_v10-2.png Graphic file (type png)
<use images/proby/19_v10-2.png>
Package pdftex.def Info: images/proby/19_v10-2.png  used on input line 1112.
(pdftex.def)             Requested size: 318.66948pt x 179.7317pt.


[33

 <./images/proby/19_v10-1.png>]
<images/proby/20_v50-1.png, id=612, 1316.92pt x 742.775pt>
File: images/proby/20_v50-1.png Graphic file (type png)
<use images/proby/20_v50-1.png>
Package pdftex.def Info: images/proby/20_v50-1.png  used on input line 1121.
(pdftex.def)             Requested size: 318.66948pt x 179.7317pt.


[34 <./images/proby/19_v10-2.png> <./images/proby/20_v50-1.png>]
<images/proby/20_v50-2.png, id=623, 1316.92pt x 742.775pt>
File: images/proby/20_v50-2.png Graphic file (type png)
<use images/proby/20_v50-2.png>
Package pdftex.def Info: images/proby/20_v50-2.png  used on input line 1129.
(pdftex.def)             Requested size: 318.66948pt x 179.7317pt.
<images/proby/BA1032.png, id=624, 1316.92pt x 742.775pt>
File: images/proby/BA1032.png Graphic file (type png)
<use images/proby/BA1032.png>
Package pdftex.def Info: images/proby/BA1032.png  used on input line 1136.
(pdftex.def)             Requested size: 318.66948pt x 179.7317pt.


[35 <./images/proby/20_v50-2.png> <./images/proby/BA1032.png>]
<images/proby/Totocz_v0p1-1.png, id=635, 1316.92pt x 742.775pt>
File: images/proby/Totocz_v0p1-1.png Graphic file (type png)
<use images/proby/Totocz_v0p1-1.png>
Package pdftex.def Info: images/proby/Totocz_v0p1-1.png  used on input line 115
3.
(pdftex.def)             Requested size: 318.66948pt x 179.7317pt.
<images/proby/Totocz_v0p1-2.png, id=636, 1316.92pt x 742.775pt>
File: images/proby/Totocz_v0p1-2.png Graphic file (type png)
<use images/proby/Totocz_v0p1-2.png>
Package pdftex.def Info: images/proby/Totocz_v0p1-2.png  used on input line 116
0.
(pdftex.def)             Requested size: 318.66948pt x 179.7317pt.
<images/proby/Totocz_v10-1.png, id=637, 1316.92pt x 742.775pt>
File: images/proby/Totocz_v10-1.png Graphic file (type png)
<use images/proby/Totocz_v10-1.png>
Package pdftex.def Info: images/proby/Totocz_v10-1.png  used on input line 1169
.
(pdftex.def)             Requested size: 318.66948pt x 179.7317pt.


[36 <./images/proby/Totocz_v0p1-1.png> <./images/proby/Totocz_v0p1-2.png>]
<images/proby/Totocz_v10-2.png, id=650, 1316.92pt x 742.775pt>
File: images/proby/Totocz_v10-2.png Graphic file (type png)
<use images/proby/Totocz_v10-2.png>
Package pdftex.def Info: images/proby/Totocz_v10-2.png  used on input line 1176
.
(pdftex.def)             Requested size: 318.66948pt x 179.7317pt.


[37 <./images/proby/Totocz_v10-1.png> <./images/proby/Totocz_v10-2.png>]
<images/proby/Totocz_v50-1.png, id=662, 1316.92pt x 742.775pt>
File: images/proby/Totocz_v50-1.png Graphic file (type png)
<use images/proby/Totocz_v50-1.png>
Package pdftex.def Info: images/proby/Totocz_v50-1.png  used on input line 1185
.
(pdftex.def)             Requested size: 318.66948pt x 179.7317pt.
<images/proby/Totocz_v50-2.png, id=663, 1316.92pt x 742.775pt>
File: images/proby/Totocz_v50-2.png Graphic file (type png)
<use images/proby/Totocz_v50-2.png>
Package pdftex.def Info: images/proby/Totocz_v50-2.png  used on input line 1192
.
(pdftex.def)             Requested size: 318.66948pt x 179.7317pt.


[38 <./images/proby/Totocz_v50-1.png> <./images/proby/Totocz_v50-2.png>]
<images/proby/Totocz-2.png, id=674, 1316.92pt x 742.775pt>
File: images/proby/Totocz-2.png Graphic file (type png)
<use images/proby/Totocz-2.png>
Package pdftex.def Info: images/proby/Totocz-2.png  used on input line 1200.
(pdftex.def)             Requested size: 318.66948pt x 179.7317pt.
<images/proby/T880-1.png, id=675, 1316.92pt x 742.775pt>
File: images/proby/T880-1.png Graphic file (type png)
<use images/proby/T880-1.png>
Package pdftex.def Info: images/proby/T880-1.png  used on input line 1217.
(pdftex.def)             Requested size: 318.66948pt x 179.7317pt.
<images/proby/T880-2.png, id=676, 1316.92pt x 742.775pt>
File: images/proby/T880-2.png Graphic file (type png)
<use images/proby/T880-2.png>
Package pdftex.def Info: images/proby/T880-2.png  used on input line 1224.
(pdftex.def)             Requested size: 318.66948pt x 179.7317pt.


[39 <./images/proby/Totocz-2.png> <./images/proby/T880-1.png>]
<images/proby/T960-1.png, id=688, 1316.92pt x 742.775pt>
File: images/proby/T960-1.png Graphic file (type png)
<use images/proby/T960-1.png>
Package pdftex.def Info: images/proby/T960-1.png  used on input line 1232.
(pdftex.def)             Requested size: 318.66948pt x 179.7317pt.


[40 <./images/proby/T880-2.png> <./images/proby/T960-1.png>]
<images/proby/T960-2.png, id=699, 1316.92pt x 742.775pt>
File: images/proby/T960-2.png Graphic file (type png)
<use images/proby/T960-2.png>
Package pdftex.def Info: images/proby/T960-2.png  used on input line 1240.
(pdftex.def)             Requested size: 318.66948pt x 179.7317pt.
<images/proby/T1000-1.png, id=700, 1316.92pt x 742.775pt>
File: images/proby/T1000-1.png Graphic file (type png)
<use images/proby/T1000-1.png>
Package pdftex.def Info: images/proby/T1000-1.png  used on input line 1248.
(pdftex.def)             Requested size: 318.66948pt x 179.7317pt.


[41 <./images/proby/T960-2.png> <./images/proby/T1000-1.png>]
<images/proby/T1000-2.png, id=711, 1316.92pt x 742.775pt>
File: images/proby/T1000-2.png Graphic file (type png)
<use images/proby/T1000-2.png>
Package pdftex.def Info: images/proby/T1000-2.png  used on input line 1256.
(pdftex.def)             Requested size: 318.66948pt x 179.7317pt.
<images/proby/Tixo-2.png, id=712, 1316.92pt x 742.775pt>
File: images/proby/Tixo-2.png Graphic file (type png)
<use images/proby/Tixo-2.png>
Package pdftex.def Info: images/proby/Tixo-2.png  used on input line 1263.
(pdftex.def)             Requested size: 318.66948pt x 179.7317pt.


[42 <./images/proby/T1000-2.png> <./images/proby/Tixo-2.png>]
Rozdzia\PlPrIeC {\l } 6.


[43

]
Rozdzia\PlPrIeC {\l } 7.


[44

]
Rozdzia\PlPrIeC {\l } 8.


[45

] (./v2.aux)
 ***********
LaTeX2e <2024-11-01> patch level 2
L3 programming layer <2025-01-18>
 ***********
Package rerunfilecheck Info: File `v2.out' has not changed.
(rerunfilecheck)             Checksum: AA426EF3BC9B7FB5BDA2CA8575C4EEBE;9532.
 ) 
Here is how much of TeX's memory you used:
 12288 strings out of 473190
 192659 string characters out of 5715800
 613682 words of memory out of 5000000
 35026 multiletter control sequences out of 15000+600000
 570973 words of font info for 66 fonts, out of 8000000 for 9000
 1141 hyphenation exceptions out of 8191
 75i,10n,79p,803b,593s stack positions out of 10000i,1000n,20000p,200000b,200000s
</usr/local/texlive/2025/texmf-dist/fonts/type1/public/pl/plbx12.pfb></usr/lo
cal/texlive/2025/texmf-dist/fonts/type1/public/pl/plex10.pfb></usr/local/texliv
e/2025/texmf-dist/fonts/type1/public/pl/plmi12.pfb></usr/local/texlive/2025/tex
mf-dist/fonts/type1/public/pl/plmi8.pfb></usr/local/texlive/2025/texmf-dist/fon
ts/type1/public/pl/plr12.pfb></usr/local/texlive/2025/texmf-dist/fonts/type1/pu
blic/pl/plr17.pfb></usr/local/texlive/2025/texmf-dist/fonts/type1/public/pl/plr
8.pfb></usr/local/texlive/2025/texmf-dist/fonts/type1/public/pl/plsy10.pfb></us
r/local/texlive/2025/texmf-dist/fonts/type1/public/pl/plsy8.pfb></usr/local/tex
live/2025/texmf-dist/fonts/type1/public/pl/plti12.pfb></usr/local/texlive/2025/
texmf-dist/fonts/type1/public/pl/pltt12.pfb></usr/local/texlive/2025/texmf-dist
/fonts/type1/public/cm-super/sfrm1200.pfb>
Output written on v2.pdf (46 pages, 9971933 bytes).
PDF statistics:
 891 PDF objects out of 1000 (max. 8388607)
 757 compressed objects within 8 object streams
 330 named destinations out of 1000 (max. 500000)
 536 words of extra memory for PDF output out of 10000 (max. 10000000)

