\BOOKMARK [0][-]{chapter.1}{\376\377\000W\000s\000t\001\031\000p}{}% 1
\BOOKMARK [1][-]{section.1.1}{\376\377\000C\000e\000l\000\040\000p\000r\000a\000c\000y}{chapter.1}% 2
\BOOKMARK [1][-]{section.1.2}{\376\377\000O\000p\000i\000s\000\040\000p\000r\000\363\000b\000y\000\040\000s\000p\001\031\000c\000z\000a\000n\000i\000a}{chapter.1}% 3
\BOOKMARK [1][-]{section.1.3}{\376\377\000O\000p\000i\000s\000\040\000m\000a\000s\000z\000y\000n\000y\000\040\000p\000o\000m\000i\000a\000r\000o\000w\000e\000j}{chapter.1}% 4
\BOOKMARK [1][-]{section.1.4}{\376\377\000A\000k\000t\000u\000a\000l\000n\000e\000\040\000r\000o\000z\000w\000i\001\005\000z\000a\000n\000i\000a}{chapter.1}% 5
\BOOKMARK [2][-]{subsection.1.4.1}{\376\377\000O\000p\000i\000s}{section.1.4}% 6
\BOOKMARK [2][-]{subsection.1.4.2}{\376\377\000F\000u\000n\000k\000c\000j\000o\000n\000a\000l\000n\000o\001\133\000c\000i}{section.1.4}% 7
\BOOKMARK [2][-]{subsection.1.4.3}{\376\377\000W\000a\000d\000y}{section.1.4}% 8
\BOOKMARK [1][-]{section.1.5}{\376\377\000Z\000a\000w\000a\000r\000t\000o\001\133\001\007\000\040\000p\000r\000a\000c\000y}{chapter.1}% 9
\BOOKMARK [0][-]{chapter.2}{\376\377\000C\000e\000l\000\040\000i\000\040\000t\000e\000z\000a\000\040\000p\000r\000a\000c\000y}{}% 10
\BOOKMARK [0][-]{chapter.3}{\376\377\000O\000p\000i\000s\000\040\000n\000a\000r\000z\001\031\000d\000z\000i\000\040\000w\000y\000k\000o\000r\000z\000y\000s\000t\000a\000n\000y\000c\000h\000\040\000d\000o\000\040\000r\000e\000a\000l\000i\000z\000a\000c\000j\000i\000\040\000p\000r\000a\000c\000y}{}% 11
\BOOKMARK [1][-]{section.3.1}{\376\377\000J\001\031\000z\000y\000k\000\040\000p\000r\000o\000g\000r\000a\000m\000o\000w\000a\000n\000i\000a}{chapter.3}% 12
\BOOKMARK [1][-]{section.3.2}{\376\377\001\132\000r\000o\000d\000o\000w\000i\000s\000k\000o\000\040\000g\000r\000a\000f\000i\000c\000z\000n\000e}{chapter.3}% 13
\BOOKMARK [1][-]{section.3.3}{\376\377\000K\000o\000m\000p\000i\000l\000a\000c\000j\000a}{chapter.3}% 14
\BOOKMARK [0][-]{chapter.4}{\376\377\000O\000p\000i\000s\000\040\000u\000t\000w\000o\000r\000z\000o\000n\000e\000j\000\040\000a\000p\000l\000i\000k\000a\000c\000j\000i}{}% 15
\BOOKMARK [1][-]{section.4.1}{\376\377\000A\000r\000c\000h\000i\000t\000e\000k\000t\000u\000r\000a\000\040\000a\000p\000l\000i\000k\000a\000c\000j\000i}{chapter.4}% 16
\BOOKMARK [2][-]{subsection.4.1.1}{\376\377\000O\000g\000\363\000l\000n\000a\000\040\000s\000t\000r\000u\000k\000t\000u\000r\000a\000\040\000a\000p\000l\000i\000k\000a\000c\000j\000i}{section.4.1}% 17
\BOOKMARK [2][-]{subsection.4.1.2}{\376\377\000R\000y\000s\000o\000w\000a\000n\000i\000e\000\040\000w\000y\000k\000r\000e\000s\000u}{section.4.1}% 18
\BOOKMARK [2][-]{subsection.4.1.3}{\376\377\000M\000i\000n\000i\000m\000a\000l\000i\000z\000a\000c\000j\000a\000\040\000r\000e\000n\000d\000e\000r\000o\000w\000a\000n\000y\000c\000h\000\040\000p\000u\000n\000k\000t\000\363\000w}{section.4.1}% 19
\BOOKMARK [2][-]{subsection.4.1.4}{\376\377\000W\000y\000k\000r\000y\000w\000a\000n\000i\000e\000\040\000z\000m\000i\000a\000n}{section.4.1}% 20
\BOOKMARK [2][-]{subsection.4.1.5}{\376\377\000C\000o\000f\000a\000n\000i\000e\000\040\000o\000p\000e\000r\000a\000c\000j\000i}{section.4.1}% 21
\BOOKMARK [1][-]{section.4.2}{\376\377\000I\000n\000s\000t\000r\000u\000k\000c\000j\000a\000\040\000o\000b\000s\001\102\000u\000g\000i}{chapter.4}% 22
\BOOKMARK [2][-]{subsection.4.2.1}{\376\377\000W\000c\000z\000y\000t\000y\000w\000a\000n\000i\000e\000\040\000p\000l\000i\000k\000\363\000w}{section.4.2}% 23
\BOOKMARK [2][-]{subsection.4.2.2}{\376\377\000Z\000m\000i\000a\000n\000a\000\040\000w\000i\000d\000o\000k\000u}{section.4.2}% 24
\BOOKMARK [2][-]{subsection.4.2.3}{\376\377\000O\000b\000r\000\363\000b\000k\000a\000\040\000w\000y\000k\000r\000e\000s\000u}{section.4.2}% 25
\BOOKMARK [2][-]{subsection.4.2.4}{\376\377\000E\000k\000s\000p\000o\000r\000t}{section.4.2}% 26
\BOOKMARK [2][-]{subsection.4.2.5}{\376\377\000W\000y\000z\000n\000a\000c\000z\000a\000n\000i\000e\000\040\000p\000r\000o\000s\000t\000e\000j}{section.4.2}% 27
\BOOKMARK [2][-]{subsection.4.2.6}{\376\377\000W\000y\000k\000r\000e\000s\000\040\000o\000d\000k\000s\000z\000t\000a\001\102\000c\000e\000n\000i\000e\000-\000n\000a\000p\000r\001\031\001\174\000e\000n\000i\000e}{section.4.2}% 28
\BOOKMARK [2][-]{subsection.4.2.7}{\376\377\000R\000e\000g\000r\000e\000s\000j\000a\000\040\000w\000y\000n\000i\000k\000\363\000w\000\040\000p\000o\000m\000i\000a\000r\000o\000w\000y\000c\000h}{section.4.2}% 29
\BOOKMARK [1][-]{section.4.3}{\376\377\000F\000o\000r\000m\000a\000t\000\040\000p\000l\000i\000k\000u\000\040\000w\000e\000j\001\133\000c\000i\000o\000w\000e\000g\000o}{chapter.4}% 30
\BOOKMARK [2][-]{subsection.4.3.1}{\376\377\000F\000o\000r\000m\000a\000t\000\040\000b\000i\000n\000a\000r\000n\000y}{section.4.3}% 31
\BOOKMARK [2][-]{subsection.4.3.2}{\376\377\000S\000t\000r\000u\000k\000t\000u\000r\000a\000\040\000p\000l\000i\000k\000u}{section.4.3}% 32
\BOOKMARK [1][-]{section.4.4}{\376\377\000A\000l\000g\000o\000r\000y\000t\000m\000\040\000r\000e\000g\000r\000e\000s\000j\000i\000\040\000w\000i\000e\000l\000o\000m\000i\000a\000n\000o\000w\000e\000j\000\040\000-\000\040\000o\000p\000t\000y\000m\000a\000l\000i\000z\000a\000c\000j\000a\000\040\000w\000y\000d\000a\000j\000n\000o\001\133\000c\000i\000\040\000a\000p\000l\000i\000k\000a\000c\000j\000i}{chapter.4}% 33
\BOOKMARK [2][-]{subsection.4.4.1}{\376\377\000W\000s\000t\001\031\000p}{section.4.4}% 34
\BOOKMARK [2][-]{subsection.4.4.2}{\376\377\000M\000o\000d\000e\000l\000\040\000m\000a\000t\000e\000m\000a\000t\000y\000c\000z\000n\000y}{section.4.4}% 35
\BOOKMARK [2][-]{subsection.4.4.3}{\376\377\000D\000a\000n\000e\000\040\000w\000e\000j\001\133\000c\000i\000o\000w\000e\000,\000\040\000s\000p\000r\000z\001\031\000t\000\040\000i\000\040\001\133\000r\000o\000d\000o\000w\000i\000s\000k\000o}{section.4.4}% 36
\BOOKMARK [2][-]{subsection.4.4.4}{\376\377\000S\000p\000o\000s\000\363\000b\000\040\000p\000o\000m\000i\000a\000r\000\363\000w}{section.4.4}% 37
\BOOKMARK [2][-]{subsection.4.4.5}{\376\377\000P\000i\000e\000r\000w\000o\000t\000n\000y\000\040\000a\000l\000g\000o\000r\000y\000t\000m}{section.4.4}% 38
\BOOKMARK [2][-]{subsection.4.4.6}{\376\377\000Z\000m\000i\000a\000n\000a\000\040\000f\000u\000n\000k\000c\000j\000i\000\040\000p\000o\000t\001\031\000g\000i}{section.4.4}% 39
\BOOKMARK [2][-]{subsection.4.4.7}{\376\377\000U\000s\000u\000w\000a\000n\000i\000e\000\040\000r\000e\000d\000u\000n\000d\000a\000n\000c\000j\000i}{section.4.4}% 40
\BOOKMARK [2][-]{subsection.4.4.8}{\376\377\000W\000y\000p\000e\001\102\000n\000i\000a\000n\000i\000e\000\040\000m\000a\000c\000i\000e\000r\000z\000y\000\040\000i\000\040\000w\000e\000k\000t\000o\000r\000a\000\040\000-\000\040\000p\000o\000m\000i\000a\000r\000\040\000f\000r\000a\000g\000m\000e\000n\000t\000\363\000w}{section.4.4}% 41
\BOOKMARK [2][-]{subsection.4.4.9}{\376\377\000E\000l\000i\000m\000i\000n\000a\000c\000j\000a\000\040\000p\000o\000t\001\031\000g\000o\000w\000a\000n\000i\000a\000\040\000-\000\040\000p\000o\000d\000e\000j\001\133\000c\000i\000e\000\040\000i\000t\000e\000r\000a\000c\000y\000j\000n\000e}{section.4.4}% 42
\BOOKMARK [2][-]{subsection.4.4.10}{\376\377\000P\000o\000d\000s\000u\000m\000o\000w\000a\000n\000i\000e}{section.4.4}% 43
\BOOKMARK [0][-]{chapter.5}{\376\377\000P\000r\000z\000y\000k\001\102\000a\000d\000y\000\040\000z\000a\000s\000t\000o\000s\000o\000w\000a\000n\000i\000a\000\040\000a\000p\000l\000i\000k\000a\000c\000j\000i\000\040\000d\000o\000\040\000k\000o\000m\000p\000l\000e\000k\000s\000o\000w\000e\000j\000\040\000a\000n\000a\000l\000i\000z\000y\000\040\000w\000y\000n\000i\000k\000\363\000w\000\040\000p\000o\000m\000i\000a\000r\000o\000w\000y\000c\000h}{}% 44
\BOOKMARK [1][-]{section.5.1}{\376\377\000W\000s\000t\001\031\000p}{chapter.5}% 45
\BOOKMARK [1][-]{section.5.2}{\376\377\000A\000n\000a\000l\000i\000z\000a\000\040\000p\000r\000\363\000b\000\040\000s\000p\001\031\000c\000z\000a\000n\000i\000a\000\040\000p\000r\000\363\000b\000e\000k\000\040\000s\000t\000o\000p\000u\000\040\000B\000A\0001\0000\0003\0002\000\040\000w\000\040\000t\000e\000m\000p\000e\000r\000a\000t\000u\000r\000z\000e\000\040\000o\000t\000o\000c\000z\000e\000n\000i\000a}{chapter.5}% 46
\BOOKMARK [1][-]{section.5.3}{\376\377\000A\000n\000a\000l\000i\000z\000a\000\040\000p\000r\000\363\000b\000\040\000s\000p\001\031\000c\000z\000a\000n\000i\000a\000\040\000p\000r\000\363\000b\000e\000k\000\040\000s\000t\000o\000p\000u\000\040\000C\000u\000S\000n\0006\000\040\000w\000\040\000t\000e\000m\000p\000e\000r\000a\000t\000u\000r\000z\000e\000\040\000o\000t\000o\000c\000z\000e\000n\000i\000a}{chapter.5}% 47
\BOOKMARK [1][-]{section.5.4}{\376\377\000A\000n\000a\000l\000i\000z\000a\000\040\000p\000r\000\363\000b\000\040\000s\000p\001\031\000c\000z\000a\000n\000i\000a\000\040\000p\000r\000\363\000b\000e\000k\000\040\000s\000t\000o\000p\000u\000\040\000C\000u\000S\000n\0006\000\040\000w\000\040\000s\000t\000a\000n\000i\000e\000\040\000s\000t\000a\001\102\000o\000c\000i\000e\000k\001\102\000y\000m}{chapter.5}% 48
\BOOKMARK [0][-]{chapter.6}{\376\377\000P\000o\000d\000s\000u\000m\000o\000w\000a\000n\000i\000e}{}% 49
\BOOKMARK [0][-]{chapter.7}{\376\377\000O\001\133\000w\000i\000a\000d\000c\000z\000e\000n\000i\000e\000\040\000-\000\040\000w\000y\000k\000o\000r\000z\000y\000s\000t\000a\000n\000i\000e\000\040\000n\000a\000r\000z\001\031\000d\000z\000i\000\040\000G\000e\000n\000A\000I}{}% 50
\BOOKMARK [0][-]{chapter.8}{\376\377\000L\000i\000t\000e\000r\000a\000t\000u\000r\000a}{}% 51
